${PRJ_HOME}/rtl/src/hpu/hpu_pipeline/hpu_if/hpu_if_fgpr/hpu_if_bht.sv
${PRJ_HOME}/rtl/src/hpu/hpu_pipeline/hpu_if/hpu_if_fgpr/hpu_if_pht.sv
${PRJ_HOME}/rtl/src/hpu/hpu_pipeline/hpu_if/hpu_if_fgpr.sv
${PRJ_HOME}/rtl/src/hpu/hpu_pipeline/hpu_if/hpu_if_cgpr/hpu_if_btb.sv
${PRJ_HOME}/rtl/src/hpu/hpu_pipeline/hpu_if/hpu_if_cgpr/hpu_if_ras.sv
${PRJ_HOME}/rtl/src/hpu/hpu_pipeline/hpu_if/hpu_if_cgpr.sv
${PRJ_HOME}/rtl/src/hpu/hpu_pipeline/hpu_if/hpu_if_qdec.sv
${PRJ_HOME}/rtl/src/hpu/hpu_pipeline/hpu_if/hpu_if_ibuf.sv
${PRJ_HOME}/rtl/src/hpu/hpu_pipeline/hpu_if.sv
${PRJ_HOME}/rtl/src/hpu/hpu_pipeline/hpu_id/hpu_id_dec.sv
${PRJ_HOME}/rtl/src/hpu/hpu_pipeline/hpu_id/hpu_id_ren/hpu_ren_fl.sv
${PRJ_HOME}/rtl/src/hpu/hpu_pipeline/hpu_id/hpu_id_ren/hpu_ren_afl.sv
${PRJ_HOME}/rtl/src/hpu/hpu_pipeline/hpu_id/hpu_id_ren/hpu_ren_rat.sv
${PRJ_HOME}/rtl/src/hpu/hpu_pipeline/hpu_id/hpu_id_ren/hpu_ren_arat.sv
${PRJ_HOME}/rtl/src/hpu/hpu_pipeline/hpu_id/hpu_id_ren.sv
${PRJ_HOME}/rtl/src/hpu/hpu_pipeline/hpu_id/hpu_id_disp.sv
${PRJ_HOME}/rtl/src/hpu/hpu_pipeline/hpu_id.sv
${PRJ_HOME}/rtl/src/hpu/hpu_pipeline/hpu_prf/hpu_regfile.sv
${PRJ_HOME}/rtl/src/hpu/hpu_pipeline/hpu_prf.sv
${PRJ_HOME}/rtl/src/hpu/hpu_pipeline/hpu_prm.sv
${PRJ_HOME}/rtl/src/hpu/hpu_pipeline/hpu_alu/hpu_alu_iq.sv
${PRJ_HOME}/rtl/src/hpu/hpu_pipeline/hpu_alu/hpu_alu_bypass.sv
${PRJ_HOME}/rtl/src/hpu/hpu_pipeline/hpu_alu/hpu_alu_exec.sv
${PRJ_HOME}/rtl/src/hpu/hpu_pipeline/hpu_alu.sv
${PRJ_HOME}/rtl/src/hpu/hpu_pipeline/hpu_mdu/hpu_mdu_iq.sv
${PRJ_HOME}/rtl/src/hpu/hpu_pipeline/hpu_mdu/hpu_mdu_bypass.sv
${PRJ_HOME}/rtl/src/hpu/hpu_pipeline/hpu_mdu/hpu_mdu_mul.sv
${PRJ_HOME}/rtl/src/hpu/hpu_pipeline/hpu_mdu/hpu_mdu_div.sv
${PRJ_HOME}/rtl/src/hpu/hpu_pipeline/hpu_mdu.sv
${PRJ_HOME}/rtl/src/hpu/hpu_pipeline/hpu_lsu/hpu_lsu_iq.sv
${PRJ_HOME}/rtl/src/hpu/hpu_pipeline/hpu_lsu/hpu_lsu_bypass.sv
${PRJ_HOME}/rtl/src/hpu/hpu_pipeline/hpu_lsu/hpu_lsu_laq.sv
${PRJ_HOME}/rtl/src/hpu/hpu_pipeline/hpu_lsu/hpu_lsu_sq.sv
${PRJ_HOME}/rtl/src/hpu/hpu_pipeline/hpu_lsu.sv
${PRJ_HOME}/rtl/src/hpu/hpu_pipeline/hpu_vmu/hpu_vec_exec.sv
${PRJ_HOME}/rtl/src/hpu/hpu_pipeline/hpu_vmu/hpu_vls_exec.sv
${PRJ_HOME}/rtl/src/hpu/hpu_pipeline/hpu_vmu/hpu_mtx_exec.sv
${PRJ_HOME}/rtl/src/hpu/hpu_pipeline/hpu_vmu/hpu_vprf.sv
${PRJ_HOME}/rtl/src/hpu/hpu_pipeline/hpu_vmu/hpu_vmu_bypass.sv
${PRJ_HOME}/rtl/src/hpu/hpu_pipeline/hpu_vmu/hpu_vmu_iq.sv
${PRJ_HOME}/rtl/src/hpu/hpu_pipeline/hpu_vmu/hpu_mtx_array.sv
${PRJ_HOME}/rtl/src/hpu/hpu_pipeline/hpu_vmu/hpu_vrf.sv
${PRJ_HOME}/rtl/src/hpu/hpu_pipeline/hpu_vmu/hpu_vpr_exec.sv
${PRJ_HOME}/rtl/src/hpu/hpu_pipeline/hpu_vmu/hpu_vmu_lut.sv
${PRJ_HOME}/rtl/src/hpu/hpu_pipeline/hpu_vmu/hpu_clip.v
${PRJ_HOME}/rtl/src/hpu/hpu_pipeline/hpu_vmu/hpu_vcsr_exec.sv
${PRJ_HOME}/rtl/src/hpu/hpu_pipeline/hpu_vmu.sv
${PRJ_HOME}/rtl/src/hpu/hpu_pipeline/hpu_rob/hpu_rob_trigger.sv
${PRJ_HOME}/rtl/src/hpu/hpu_pipeline/hpu_rob.sv
${PRJ_HOME}/rtl/src/hpu/hpu_pipeline/hpu_csr.sv
${PRJ_HOME}/rtl/src/hpu/hpu_pipeline/hpu_mem.sv
${PRJ_HOME}/rtl/src/hpu/hpu_pipeline/hpu_darb.sv
${PRJ_HOME}/rtl/src/hpu/hpu_pipeline/hpu_ctrl.sv
