${PRJ_HOME}/rtl/src/hpu/hpu_cache/dcache/dcache_LRU.sv
${PRJ_HOME}/rtl/src/hpu/hpu_cache/dcache/dcache_ctrl.sv
${PRJ_HOME}/rtl/src/hpu/hpu_cache/dcache/dcache_top.sv
${PRJ_HOME}/rtl/src/hpu/hpu_cache/dcache/way_tag_ram.sv
${PRJ_HOME}/rtl/src/hpu/hpu_cache/dcache/vc_tag_ram.sv
${PRJ_HOME}/rtl/src/hpu/hpu_cache/dcache/vc_data_ram.sv
${PRJ_HOME}/rtl/src/hpu/hpu_cache/dcache/dcache_sub_fsm.sv
${PRJ_HOME}/rtl/src/hpu/hpu_cache/dcache/way_data_ram.sv
${PRJ_HOME}/rtl/src/hpu/hpu_cache/dcache/dcache_ram.sv
${PRJ_HOME}/rtl/src/hpu/hpu_cache/dcache/dcache_main_fsm.sv
${PRJ_HOME}/rtl/src/hpu/hpu_cache/icache/icache.sv
${PRJ_HOME}/rtl/src/hpu/hpu_cache/icache/array_d1.sv
${PRJ_HOME}/rtl/src/hpu/hpu_cache/l2cache/write_buffer_fifo.sv
${PRJ_HOME}/rtl/src/hpu/hpu_cache/l2cache/sdp_d1024_w256.sv
${PRJ_HOME}/rtl/src/hpu/hpu_cache/l2cache/l2_cache.sv
${PRJ_HOME}/rtl/src/hpu/hpu_cache/l2cache/decoder.sv
${PRJ_HOME}/rtl/src/hpu/hpu_cache/l2cache/pseudo_lru.sv
${PRJ_HOME}/rtl/src/hpu/hpu_cache/l2cache/comparator.sv
${PRJ_HOME}/rtl/src/hpu/hpu_cache/l2cache/multi_reg.sv
${PRJ_HOME}/rtl/src/hpu/hpu_cache/l2cache/array.sv
${PRJ_HOME}/rtl/src/hpu/hpu_cache/l2cache/encoder.sv
${PRJ_HOME}/rtl/src/hpu/hpu_cache/l2cache/l2_cache_data_path.sv
${PRJ_HOME}/rtl/src/hpu/hpu_cache/l2cache/sdp_d512_w256.sv
${PRJ_HOME}/rtl/src/hpu/hpu_cache/l2cache/sp_d512_w256.sv
${PRJ_HOME}/rtl/src/hpu/hpu_cache/l2cache/l2_cache_ctrl.sv
${PRJ_HOME}/rtl/src/hpu/hpu_cache/l2cache/mux4.sv
