${PRJ_HOME}/rtl/ip/alg/mult_stage0.sv
${PRJ_HOME}/rtl/ip/alg/mult_stage1.sv
${PRJ_HOME}/rtl/ip/alg/sum4_stage0.sv
${PRJ_HOME}/rtl/ip/alg/addsub_stage0.sv
${PRJ_HOME}/rtl/ip/alg/div_pip.sv
${PRJ_HOME}/rtl/ip/alg/div_seq.sv
${PRJ_HOME}/rtl/ip/sram/sim/sdp_sram.v
${PRJ_HOME}/rtl/ip/sram/sim/sdp_sram_with_strobe.v
${PRJ_HOME}/rtl/ip/sram/sim/sdp_sram_with_bwe.v
${PRJ_HOME}/rtl/ip/sram/sim/sp_sram.v
${PRJ_HOME}/rtl/ip/sram/sim/sp_sram_with_strobe.v
${PRJ_HOME}/rtl/ip/sram/sim/sp_sram_with_bwe.v
${PRJ_HOME}/rtl/ip/sram/sdp_w64x32_r64x32d1_wrap.sv
${PRJ_HOME}/rtl/ip/sram/sdp_w1024x32_r1024x32d1_wrap.sv
${PRJ_HOME}/rtl/ip/sram/sdp_w256x64_r256x64d1_wrap.sv
${PRJ_HOME}/rtl/ip/sram/sdp_w256x32_r256x32d1_wrap.sv
${PRJ_HOME}/rtl/ip/sram/sdp_w32x52_r32x52d1_wrap.sv
${PRJ_HOME}/rtl/ip/sram/sdp_w64x52_r64x52d1_wrap.sv
${PRJ_HOME}/rtl/ip/sram/sdp_w64x64_r64x64d1_wrap.sv
${PRJ_HOME}/rtl/ip/sram/sdp_w512x64_r512x64d1_wrap.sv
${PRJ_HOME}/rtl/ip/sram/sp_512x8bd1_wrap.sv
${PRJ_HOME}/rtl/ip/sram/sp_512x64sd1_wrap.sv
${PRJ_HOME}/rtl/ip/sram/sp_8192x32sd1_wrap.sv
${PRJ_HOME}/rtl/ip/srom/sprom_1024x32d1_wrap.sv
${PRJ_HOME}/rtl/ip/sram/sdp_uhd_w32x52b_r32x52d1_wrap.sv
${PRJ_HOME}/rtl/ip/sram/sdp_uhd_w64x20b_r64x20d1_wrap.sv
${PRJ_HOME}/rtl/ip/sram/sdp_uhd_w64x32b_r64x32d1_wrap.sv
${PRJ_HOME}/rtl/ip/sram/sdp_uhd_w64x64s_r64x64d1_wrap.sv
${PRJ_HOME}/rtl/ip/sram/sdp_uhd_w128x19b_r128x19d1_wrap.sv
${PRJ_HOME}/rtl/ip/sram/sdp_uhd_w256x256s_r256x256d1_wrap.sv
${PRJ_HOME}/rtl/ip/sram/sdp_uhd_w512x64s_r512x64d1_wrap.sv
